[I] [08:51:09.778874] Using the query file '/home/ubuntu/cuvs-filter/datasets/bigann-10M/query.public.10K.u8bin'
[I] [08:51:09.778926] Using the ground truth file '/home/ubuntu/cuvs-filter/datasets/bigann-10M/favor/groundtruth_s50.ibin'
2026-08-05T08:51:09+00:00
Running /home/ubuntu/cuvs-filter-regression-worktrees/current_f080/cpp/build/bench/ann/CUVS_CAGRA_ANN_BENCH
Run on (32 X 2200.18 MHz CPU s)
CPU Caches:
  L1 Data 32 KiB (x16)
  L1 Instruction 32 KiB (x16)
  L2 Unified 1024 KiB (x16)
  L3 Unified 39424 KiB (x1)
Load Average: 1.49, 3.52, 11.70
command_line: /home/ubuntu/cuvs-filter-regression-worktrees/current_f080/cpp/build/bench/ann/CUVS_CAGRA_ANN_BENCH --search --mode=latency --threads=1 --data_prefix=/home/ubuntu/cuvs-filter/datasets --index_prefix=/home/ubuntu/cuvs-filter/datasets --benchmark_repetitions=5 --benchmark_min_time=1000x --benchmark_min_warmup_time=0.1 --benchmark_enable_random_interleaving=true --benchmark_report_aggregates_only=false --benchmark_out_format=json --benchmark_out=/home/ubuntu/cuvs-filter/benchmarks/favor/results_multi_cta_retention_regression/raw/current_f080/bigann10m50.json /home/ubuntu/cuvs-filter/benchmarks/favor/results_multi_cta_retention_regression/configs/bigann10m50.json
dataset: bigann-10M-s50
dim: 128
distance: euclidean
gpu_driver_version: 13.0
gpu_gpuDirectRDMASupported: 1
gpu_hostNativeAtomicSupported: 0
gpu_mem_bus_width: 192
gpu_mem_freq: 6251000000.000000
gpu_mem_global_size: 23659151360
gpu_mem_shared_size: 102400
gpu_name: NVIDIA L4
gpu_pageableMemoryAccess: 1
gpu_pageableMemoryAccessUsesHostPageTables: 0
gpu_runtime_version: 13.3
gpu_sm_count: 58
gpu_sm_freq: 2040000000.000000
host_cores_used: 16
host_pagesize: 4096
host_processors_sysconf: 32
host_processors_used: 32
host_total_ram_size: 135061630976
host_total_swap_size: 0
max_k: 10
max_n_queries: 10000
***WARNING*** ASLR is enabled, the results may have unreproducible noise in them.
---------------------------------------------------------------------------------------------------------
Benchmark                                               Time             CPU   Iterations UserCounters...
---------------------------------------------------------------------------------------------------------
cagra-g32-ig64/1/process_time/real_time             0.279 ms        0.279 ms         1000 GPU=271.324u Latency=278.768u MissingResultSlots=0 Recall=0.9878 UnderfilledQueries=0 end_to_end=0.278768 items_per_second=3.5873k/s itopk=128 k=10 n_queries=1 search_width=1 total_queries=1k algo="multi_cta"#filter_mode="default"
cagra-g32-ig64/1/process_time/real_time             0.278 ms        0.278 ms         1000 GPU=270.907u Latency=278.315u MissingResultSlots=0 Recall=0.988 UnderfilledQueries=0 end_to_end=0.278315 items_per_second=3.59315k/s itopk=128 k=10 n_queries=1 search_width=1 total_queries=1k algo="multi_cta"#filter_mode="default"
cagra-g32-ig64/1/process_time/real_time             0.279 ms        0.279 ms         1000 GPU=271.905u Latency=279.378u MissingResultSlots=0 Recall=0.988 UnderfilledQueries=0 end_to_end=0.279378 items_per_second=3.57945k/s itopk=128 k=10 n_queries=1 search_width=1 total_queries=1k algo="multi_cta"#filter_mode="default"
cagra-g32-ig64/1/process_time/real_time             0.279 ms        0.279 ms         1000 GPU=271.49u Latency=279.055u MissingResultSlots=0 Recall=0.988 UnderfilledQueries=0 end_to_end=0.279055 items_per_second=3.58361k/s itopk=128 k=10 n_queries=1 search_width=1 total_queries=1k algo="multi_cta"#filter_mode="default"
cagra-g32-ig64/1/process_time/real_time             0.278 ms        0.278 ms         1000 GPU=270.699u Latency=278.119u MissingResultSlots=0 Recall=0.9879 UnderfilledQueries=0 end_to_end=0.278119 items_per_second=3.59567k/s itopk=128 k=10 n_queries=1 search_width=1 total_queries=1k algo="multi_cta"#filter_mode="default"
cagra-g32-ig64/1/process_time/real_time_mean        0.279 ms        0.279 ms            5 GPU=271.265u Latency=278.727u MissingResultSlots=0 Recall=0.98794 UnderfilledQueries=0 end_to_end=0.278727 items_per_second=3.58784k/s itopk=128 k=10 n_queries=1 search_width=1 total_queries=1k algo="multi_cta"#filter_mode="default"
cagra-g32-ig64/1/process_time/real_time_median      0.279 ms        0.279 ms            5 GPU=271.324u Latency=278.768u MissingResultSlots=0 Recall=0.988 UnderfilledQueries=0 end_to_end=0.278768 items_per_second=3.5873k/s itopk=128 k=10 n_queries=1 search_width=1 total_queries=1k algo="multi_cta"#filter_mode="default"
cagra-g32-ig64/1/process_time/real_time_stddev      0.001 ms        0.001 ms            5 GPU=477.514n Latency=517.928n MissingResultSlots=0 Recall=89.4427u UnderfilledQueries=0 end_to_end=517.928u items_per_second=6.67153/s itopk=0 k=0 n_queries=0 search_width=0 total_queries=0 algo="multi_cta"#filter_mode="default"
cagra-g32-ig64/1/process_time/real_time_cv           0.19 %          0.19 %             5 GPU=0.18% Latency=0.19% MissingResultSlots=0.00% Recall=0.01% UnderfilledQueries=0.00% end_to_end=0.19% items_per_second=0.19% itopk=0.00% k=0.00% n_queries=0.00% search_width=0.00% total_queries=0.00% algo="multi_cta"#filter_mode="default"
cagra-g32-ig64/0/process_time/real_time             0.267 ms        0.267 ms         1000 GPU=259.307u Latency=266.562u MissingResultSlots=0 Recall=0.9606 UnderfilledQueries=0 end_to_end=0.266562 items_per_second=3.75157k/s itopk=64 k=10 n_queries=1 search_width=1 total_queries=1k algo="multi_cta"#filter_mode="default"
cagra-g32-ig64/0/process_time/real_time             0.267 ms        0.267 ms         1000 GPU=259.249u Latency=266.59u MissingResultSlots=0 Recall=0.9605 UnderfilledQueries=0 end_to_end=0.26659 items_per_second=3.75117k/s itopk=64 k=10 n_queries=1 search_width=1 total_queries=1k algo="multi_cta"#filter_mode="default"
cagra-g32-ig64/0/process_time/real_time             0.268 ms        0.268 ms         1000 GPU=260.543u Latency=268.062u MissingResultSlots=0 Recall=0.9608 UnderfilledQueries=0 end_to_end=0.268062 items_per_second=3.73056k/s itopk=64 k=10 n_queries=1 search_width=1 total_queries=1k algo="multi_cta"#filter_mode="default"
cagra-g32-ig64/0/process_time/real_time             0.267 ms        0.267 ms         1000 GPU=259.334u Latency=266.592u MissingResultSlots=0 Recall=0.9607 UnderfilledQueries=0 end_to_end=0.266592 items_per_second=3.75114k/s itopk=64 k=10 n_queries=1 search_width=1 total_queries=1k algo="multi_cta"#filter_mode="default"
cagra-g32-ig64/0/process_time/real_time             0.268 ms        0.268 ms         1000 GPU=260.269u Latency=267.791u MissingResultSlots=0 Recall=0.9609 UnderfilledQueries=0 end_to_end=0.267791 items_per_second=3.73435k/s itopk=64 k=10 n_queries=1 search_width=1 total_queries=1k algo="multi_cta"#filter_mode="default"
cagra-g32-ig64/0/process_time/real_time_mean        0.267 ms        0.267 ms            5 GPU=259.74u Latency=267.12u MissingResultSlots=0 Recall=0.9607 UnderfilledQueries=0 end_to_end=0.26712 items_per_second=3.74376k/s itopk=64 k=10 n_queries=1 search_width=1 total_queries=1k algo="multi_cta"#filter_mode="default"
cagra-g32-ig64/0/process_time/real_time_median      0.267 ms        0.267 ms            5 GPU=259.334u Latency=266.592u MissingResultSlots=0 Recall=0.9607 UnderfilledQueries=0 end_to_end=0.266592 items_per_second=3.75114k/s itopk=64 k=10 n_queries=1 search_width=1 total_queries=1k algo="multi_cta"#filter_mode="default"
cagra-g32-ig64/0/process_time/real_time_stddev      0.001 ms        0.001 ms            5 GPU=616.149n Latency=743.064n MissingResultSlots=0 Recall=158.114u UnderfilledQueries=0 end_to_end=743.064u items_per_second=10.4047/s itopk=0 k=0 n_queries=0 search_width=0 total_queries=0 algo="multi_cta"#filter_mode="default"
cagra-g32-ig64/0/process_time/real_time_cv           0.28 %          0.28 %             5 GPU=0.24% Latency=0.28% MissingResultSlots=0.00% Recall=0.02% UnderfilledQueries=0.00% end_to_end=0.28% items_per_second=0.28% itopk=0.00% k=0.00% n_queries=0.00% search_width=0.00% total_queries=0.00% algo="multi_cta"#filter_mode="default"
cagra-g32-ig64/2/process_time/real_time             0.263 ms        0.263 ms         1000 GPU=255.443u Latency=262.785u MissingResultSlots=0 Recall=0.9576 UnderfilledQueries=0 end_to_end=0.262785 favor_delta_d_alpha=10 favor_delta_d_beta=64 favor_delta_d_bfs_depth=2 favor_penalty_lambda=1 items_per_second=3.80549k/s itopk=64 k=10 n_queries=1 search_width=1 total_queries=1k algo="multi_cta"#favor_delta_d_file="/home/ubuntu/cuvs-filter/datasets/bigann-10M/cagra_g32_ig64.index.delta_d"#favor_penalty_mode="cagra_retention_safe"#filter_mode="favor"
cagra-g32-ig64/2/process_time/real_time             0.265 ms        0.265 ms         1000 GPU=257.179u Latency=264.557u MissingResultSlots=0 Recall=0.9575 UnderfilledQueries=0 end_to_end=0.264557 favor_delta_d_alpha=10 favor_delta_d_beta=64 favor_delta_d_bfs_depth=2 favor_penalty_lambda=1 items_per_second=3.78011k/s itopk=64 k=10 n_queries=1 search_width=1 total_queries=1k algo="multi_cta"#favor_delta_d_file="/home/ubuntu/cuvs-filter/datasets/bigann-10M/cagra_g32_ig64.index.delta_d"#favor_penalty_mode="cagra_retention_safe"#filter_mode="favor"
cagra-g32-ig64/2/process_time/real_time             0.264 ms        0.264 ms         1000 GPU=256.475u Latency=264.178u MissingResultSlots=0 Recall=0.9574 UnderfilledQueries=0 end_to_end=0.264178 favor_delta_d_alpha=10 favor_delta_d_beta=64 favor_delta_d_bfs_depth=2 favor_penalty_lambda=1 items_per_second=3.78542k/s itopk=64 k=10 n_queries=1 search_width=1 total_queries=1k algo="multi_cta"#favor_delta_d_file="/home/ubuntu/cuvs-filter/datasets/bigann-10M/cagra_g32_ig64.index.delta_d"#favor_penalty_mode="cagra_retention_safe"#filter_mode="favor"
cagra-g32-ig64/2/process_time/real_time             0.263 ms        0.263 ms         1000 GPU=255.678u Latency=263.106u MissingResultSlots=0 Recall=0.9574 UnderfilledQueries=0 end_to_end=0.263106 favor_delta_d_alpha=10 favor_delta_d_beta=64 favor_delta_d_bfs_depth=2 favor_penalty_lambda=1 items_per_second=3.80084k/s itopk=64 k=10 n_queries=1 search_width=1 total_queries=1k algo="multi_cta"#favor_delta_d_file="/home/ubuntu/cuvs-filter/datasets/bigann-10M/cagra_g32_ig64.index.delta_d"#favor_penalty_mode="cagra_retention_safe"#filter_mode="favor"
cagra-g32-ig64/2/process_time/real_time             0.263 ms        0.263 ms         1000 GPU=255.531u Latency=262.925u MissingResultSlots=0 Recall=0.9575 UnderfilledQueries=0 end_to_end=0.262925 favor_delta_d_alpha=10 favor_delta_d_beta=64 favor_delta_d_bfs_depth=2 favor_penalty_lambda=1 items_per_second=3.80354k/s itopk=64 k=10 n_queries=1 search_width=1 total_queries=1k algo="multi_cta"#favor_delta_d_file="/home/ubuntu/cuvs-filter/datasets/bigann-10M/cagra_g32_ig64.index.delta_d"#favor_penalty_mode="cagra_retention_safe"#filter_mode="favor"
cagra-g32-ig64/2/process_time/real_time_mean        0.264 ms        0.264 ms            5 GPU=256.061u Latency=263.51u MissingResultSlots=0 Recall=0.95748 UnderfilledQueries=0 end_to_end=0.26351 favor_delta_d_alpha=10 favor_delta_d_beta=64 favor_delta_d_bfs_depth=2 favor_penalty_lambda=1 items_per_second=3.79508k/s itopk=64 k=10 n_queries=1 search_width=1 total_queries=1k algo="multi_cta"#favor_delta_d_file="/home/ubuntu/cuvs-filter/datasets/bigann-10M/cagra_g32_ig64.index.delta_d"#favor_penalty_mode="cagra_retention_safe"#filter_mode="favor"
cagra-g32-ig64/2/process_time/real_time_median      0.263 ms        0.263 ms            5 GPU=255.678u Latency=263.106u MissingResultSlots=0 Recall=0.9575 UnderfilledQueries=0 end_to_end=0.263106 favor_delta_d_alpha=10 favor_delta_d_beta=64 favor_delta_d_bfs_depth=2 favor_penalty_lambda=1 items_per_second=3.80084k/s itopk=64 k=10 n_queries=1 search_width=1 total_queries=1k algo="multi_cta"#favor_delta_d_file="/home/ubuntu/cuvs-filter/datasets/bigann-10M/cagra_g32_ig64.index.delta_d"#favor_penalty_mode="cagra_retention_safe"#filter_mode="favor"
cagra-g32-ig64/2/process_time/real_time_stddev      0.001 ms        0.001 ms            5 GPU=746.961n Latency=801.956n MissingResultSlots=0 Recall=83.666u UnderfilledQueries=0 end_to_end=801.956u favor_delta_d_alpha=0 favor_delta_d_beta=0 favor_delta_d_bfs_depth=0 favor_penalty_lambda=0 items_per_second=11.5177/s itopk=0 k=0 n_queries=0 search_width=0 total_queries=0 algo="multi_cta"#favor_delta_d_file="/home/ubuntu/cuvs-filter/datasets/bigann-10M/cagra_g32_ig64.index.delta_d"#favor_penalty_mode="cagra_retention_safe"#filter_mode="favor"
cagra-g32-ig64/2/process_time/real_time_cv           0.30 %          0.30 %             5 GPU=0.29% Latency=0.30% MissingResultSlots=0.00% Recall=0.01% UnderfilledQueries=0.00% end_to_end=0.30% favor_delta_d_alpha=0.00% favor_delta_d_beta=0.00% favor_delta_d_bfs_depth=0.00% favor_penalty_lambda=0.00% items_per_second=0.30% itopk=0.00% k=0.00% n_queries=0.00% search_width=0.00% total_queries=0.00% algo="multi_cta"#favor_delta_d_file="/home/ubuntu/cuvs-filter/datasets/bigann-10M/cagra_g32_ig64.index.delta_d"#favor_penalty_mode="cagra_retention_safe"#filter_mode="favor"
cagra-g32-ig64/3/process_time/real_time             0.273 ms        0.273 ms         1000 GPU=265.351u Latency=272.724u MissingResultSlots=0 Recall=0.9876 UnderfilledQueries=0 end_to_end=0.272724 favor_delta_d_alpha=10 favor_delta_d_beta=64 favor_delta_d_bfs_depth=2 favor_penalty_lambda=1 items_per_second=3.6668k/s itopk=128 k=10 n_queries=1 search_width=1 total_queries=1k algo="multi_cta"#favor_delta_d_file="/home/ubuntu/cuvs-filter/datasets/bigann-10M/cagra_g32_ig64.index.delta_d"#favor_penalty_mode="cagra_retention_safe"#filter_mode="favor"
cagra-g32-ig64/3/process_time/real_time             0.275 ms        0.275 ms         1000 GPU=266.727u Latency=274.679u MissingResultSlots=0 Recall=0.9877 UnderfilledQueries=0 end_to_end=0.274679 favor_delta_d_alpha=10 favor_delta_d_beta=64 favor_delta_d_bfs_depth=2 favor_penalty_lambda=1 items_per_second=3.6407k/s itopk=128 k=10 n_queries=1 search_width=1 total_queries=1k algo="multi_cta"#favor_delta_d_file="/home/ubuntu/cuvs-filter/datasets/bigann-10M/cagra_g32_ig64.index.delta_d"#favor_penalty_mode="cagra_retention_safe"#filter_mode="favor"
cagra-g32-ig64/3/process_time/real_time             0.276 ms        0.276 ms         1000 GPU=268.06u Latency=275.687u MissingResultSlots=0 Recall=0.9874 UnderfilledQueries=0 end_to_end=0.275687 favor_delta_d_alpha=10 favor_delta_d_beta=64 favor_delta_d_bfs_depth=2 favor_penalty_lambda=1 items_per_second=3.6274k/s itopk=128 k=10 n_queries=1 search_width=1 total_queries=1k algo="multi_cta"#favor_delta_d_file="/home/ubuntu/cuvs-filter/datasets/bigann-10M/cagra_g32_ig64.index.delta_d"#favor_penalty_mode="cagra_retention_safe"#filter_mode="favor"
cagra-g32-ig64/3/process_time/real_time             0.272 ms        0.273 ms         1000 GPU=265.169u Latency=272.48u MissingResultSlots=0 Recall=0.9876 UnderfilledQueries=0 end_to_end=0.27248 favor_delta_d_alpha=10 favor_delta_d_beta=64 favor_delta_d_bfs_depth=2 favor_penalty_lambda=1 items_per_second=3.67009k/s itopk=128 k=10 n_queries=1 search_width=1 total_queries=1k algo="multi_cta"#favor_delta_d_file="/home/ubuntu/cuvs-filter/datasets/bigann-10M/cagra_g32_ig64.index.delta_d"#favor_penalty_mode="cagra_retention_safe"#filter_mode="favor"
cagra-g32-ig64/3/process_time/real_time             0.273 ms        0.273 ms         1000 GPU=265.304u Latency=272.667u MissingResultSlots=0 Recall=0.9873 UnderfilledQueries=0 end_to_end=0.272667 favor_delta_d_alpha=10 favor_delta_d_beta=64 favor_delta_d_bfs_depth=2 favor_penalty_lambda=1 items_per_second=3.66757k/s itopk=128 k=10 n_queries=1 search_width=1 total_queries=1k algo="multi_cta"#favor_delta_d_file="/home/ubuntu/cuvs-filter/datasets/bigann-10M/cagra_g32_ig64.index.delta_d"#favor_penalty_mode="cagra_retention_safe"#filter_mode="favor"
cagra-g32-ig64/3/process_time/real_time_mean        0.274 ms        0.274 ms            5 GPU=266.122u Latency=273.647u MissingResultSlots=0 Recall=0.98752 UnderfilledQueries=0 end_to_end=0.273647 favor_delta_d_alpha=10 favor_delta_d_beta=64 favor_delta_d_bfs_depth=2 favor_penalty_lambda=1 items_per_second=3.65451k/s itopk=128 k=10 n_queries=1 search_width=1 total_queries=1k algo="multi_cta"#favor_delta_d_file="/home/ubuntu/cuvs-filter/datasets/bigann-10M/cagra_g32_ig64.index.delta_d"#favor_penalty_mode="cagra_retention_safe"#filter_mode="favor"
cagra-g32-ig64/3/process_time/real_time_median      0.273 ms        0.273 ms            5 GPU=265.351u Latency=272.724u MissingResultSlots=0 Recall=0.9876 UnderfilledQueries=0 end_to_end=0.272724 favor_delta_d_alpha=10 favor_delta_d_beta=64 favor_delta_d_bfs_depth=2 favor_penalty_lambda=1 items_per_second=3.6668k/s itopk=128 k=10 n_queries=1 search_width=1 total_queries=1k algo="multi_cta"#favor_delta_d_file="/home/ubuntu/cuvs-filter/datasets/bigann-10M/cagra_g32_ig64.index.delta_d"#favor_penalty_mode="cagra_retention_safe"#filter_mode="favor"
cagra-g32-ig64/3/process_time/real_time_stddev      0.001 ms        0.001 ms            5 GPU=1.25435u Latency=1.44924u MissingResultSlots=0 Recall=164.317u UnderfilledQueries=0 end_to_end=1.44924m favor_delta_d_alpha=0 favor_delta_d_beta=0 favor_delta_d_bfs_depth=0 favor_penalty_lambda=0 items_per_second=19.2994/s itopk=0 k=0 n_queries=0 search_width=0 total_queries=0 algo="multi_cta"#favor_delta_d_file="/home/ubuntu/cuvs-filter/datasets/bigann-10M/cagra_g32_ig64.index.delta_d"#favor_penalty_mode="cagra_retention_safe"#filter_mode="favor"
cagra-g32-ig64/3/process_time/real_time_cv           0.53 %          0.53 %             5 GPU=0.47% Latency=0.53% MissingResultSlots=0.00% Recall=0.02% UnderfilledQueries=0.00% end_to_end=0.53% favor_delta_d_alpha=0.00% favor_delta_d_beta=0.00% favor_delta_d_bfs_depth=0.00% favor_penalty_lambda=0.00% items_per_second=0.53% itopk=0.00% k=0.00% n_queries=0.00% search_width=0.00% total_queries=0.00% algo="multi_cta"#favor_delta_d_file="/home/ubuntu/cuvs-filter/datasets/bigann-10M/cagra_g32_ig64.index.delta_d"#favor_penalty_mode="cagra_retention_safe"#filter_mode="favor"
