[I] [09:00:25.098225] Using the query file '/home/ubuntu/cuvs-filter/datasets/sift-128-euclidean/query.fbin'
[I] [09:00:25.098267] Using the ground truth file '/home/ubuntu/cuvs-filter/datasets/sift-128-euclidean/favor/groundtruth_s50.ibin'
2026-08-05T09:00:25+00:00
Running /home/ubuntu/cuvs-filter-regression-worktrees/current_f080/cpp/build/bench/ann/CUVS_CAGRA_ANN_BENCH
Run on (32 X 2200.18 MHz CPU s)
CPU Caches:
  L1 Data 32 KiB (x16)
  L1 Instruction 32 KiB (x16)
  L2 Unified 1024 KiB (x16)
  L3 Unified 39424 KiB (x1)
Load Average: 1.38, 1.67, 7.01
command_line: /home/ubuntu/cuvs-filter-regression-worktrees/current_f080/cpp/build/bench/ann/CUVS_CAGRA_ANN_BENCH --search --mode=latency --threads=1 --data_prefix=/home/ubuntu/cuvs-filter/datasets --index_prefix=/home/ubuntu/cuvs-filter/datasets --benchmark_repetitions=5 --benchmark_min_time=1000x --benchmark_min_warmup_time=0.1 --benchmark_enable_random_interleaving=true --benchmark_report_aggregates_only=false --benchmark_out_format=json --benchmark_out=/home/ubuntu/cuvs-filter/benchmarks/favor/results_multi_cta_retention_regression/raw/current_f080/sift50.json /home/ubuntu/cuvs-filter/benchmarks/favor/results_multi_cta_retention_regression/configs/sift50.json
dataset: sift-128-euclidean-s50
dim: 128
distance: euclidean
gpu_driver_version: 13.0
gpu_gpuDirectRDMASupported: 1
gpu_hostNativeAtomicSupported: 0
gpu_mem_bus_width: 192
gpu_mem_freq: 6251000000.000000
gpu_mem_global_size: 23659151360
gpu_mem_shared_size: 102400
gpu_name: NVIDIA L4
gpu_pageableMemoryAccess: 1
gpu_pageableMemoryAccessUsesHostPageTables: 0
gpu_runtime_version: 13.3
gpu_sm_count: 58
gpu_sm_freq: 2040000000.000000
host_cores_used: 16
host_pagesize: 4096
host_processors_sysconf: 32
host_processors_used: 32
host_total_ram_size: 135061630976
host_total_swap_size: 0
max_k: 10
max_n_queries: 10000
***WARNING*** ASLR is enabled, the results may have unreproducible noise in them.
---------------------------------------------------------------------------------------------------------
Benchmark                                               Time             CPU   Iterations UserCounters...
---------------------------------------------------------------------------------------------------------
cagra-g32-ig64/2/process_time/real_time             0.262 ms        0.262 ms         1000 GPU=254.148u Latency=261.559u MissingResultSlots=0 Recall=0.9831 UnderfilledQueries=0 end_to_end=0.261559 favor_delta_d_alpha=10 favor_delta_d_beta=64 favor_delta_d_bfs_depth=2 favor_penalty_lambda=1 items_per_second=3.82333k/s itopk=64 k=10 n_queries=1 search_width=1 total_queries=1k algo="multi_cta"#favor_delta_d_file="/home/ubuntu/cuvs-filter/datasets/sift-128-euclidean/cagra_g32_ig64.index.delta_d"#favor_penalty_mode="cagra_retention_safe"#filter_mode="favor"
cagra-g32-ig64/2/process_time/real_time             0.261 ms        0.261 ms         1000 GPU=253.63u Latency=261.007u MissingResultSlots=0 Recall=0.983 UnderfilledQueries=0 end_to_end=0.261007 favor_delta_d_alpha=10 favor_delta_d_beta=64 favor_delta_d_bfs_depth=2 favor_penalty_lambda=1 items_per_second=3.83141k/s itopk=64 k=10 n_queries=1 search_width=1 total_queries=1k algo="multi_cta"#favor_delta_d_file="/home/ubuntu/cuvs-filter/datasets/sift-128-euclidean/cagra_g32_ig64.index.delta_d"#favor_penalty_mode="cagra_retention_safe"#filter_mode="favor"
cagra-g32-ig64/2/process_time/real_time             0.260 ms        0.260 ms         1000 GPU=252.632u Latency=260.069u MissingResultSlots=0 Recall=0.983 UnderfilledQueries=0 end_to_end=0.260069 favor_delta_d_alpha=10 favor_delta_d_beta=64 favor_delta_d_bfs_depth=2 favor_penalty_lambda=1 items_per_second=3.84524k/s itopk=64 k=10 n_queries=1 search_width=1 total_queries=1k algo="multi_cta"#favor_delta_d_file="/home/ubuntu/cuvs-filter/datasets/sift-128-euclidean/cagra_g32_ig64.index.delta_d"#favor_penalty_mode="cagra_retention_safe"#filter_mode="favor"
cagra-g32-ig64/2/process_time/real_time             0.261 ms        0.261 ms         1000 GPU=253.246u Latency=260.955u MissingResultSlots=0 Recall=0.9831 UnderfilledQueries=0 end_to_end=0.260955 favor_delta_d_alpha=10 favor_delta_d_beta=64 favor_delta_d_bfs_depth=2 favor_penalty_lambda=1 items_per_second=3.83217k/s itopk=64 k=10 n_queries=1 search_width=1 total_queries=1k algo="multi_cta"#favor_delta_d_file="/home/ubuntu/cuvs-filter/datasets/sift-128-euclidean/cagra_g32_ig64.index.delta_d"#favor_penalty_mode="cagra_retention_safe"#filter_mode="favor"
cagra-g32-ig64/2/process_time/real_time             0.260 ms        0.260 ms         1000 GPU=252.821u Latency=260.096u MissingResultSlots=0 Recall=0.983 UnderfilledQueries=0 end_to_end=0.260096 favor_delta_d_alpha=10 favor_delta_d_beta=64 favor_delta_d_bfs_depth=2 favor_penalty_lambda=1 items_per_second=3.84483k/s itopk=64 k=10 n_queries=1 search_width=1 total_queries=1k algo="multi_cta"#favor_delta_d_file="/home/ubuntu/cuvs-filter/datasets/sift-128-euclidean/cagra_g32_ig64.index.delta_d"#favor_penalty_mode="cagra_retention_safe"#filter_mode="favor"
cagra-g32-ig64/2/process_time/real_time_mean        0.261 ms        0.261 ms            5 GPU=253.296u Latency=260.737u MissingResultSlots=0 Recall=0.98304 UnderfilledQueries=0 end_to_end=0.260737 favor_delta_d_alpha=10 favor_delta_d_beta=64 favor_delta_d_bfs_depth=2 favor_penalty_lambda=1 items_per_second=3.83539k/s itopk=64 k=10 n_queries=1 search_width=1 total_queries=1k algo="multi_cta"#favor_delta_d_file="/home/ubuntu/cuvs-filter/datasets/sift-128-euclidean/cagra_g32_ig64.index.delta_d"#favor_penalty_mode="cagra_retention_safe"#filter_mode="favor"
cagra-g32-ig64/2/process_time/real_time_median      0.261 ms        0.261 ms            5 GPU=253.246u Latency=260.955u MissingResultSlots=0 Recall=0.983 UnderfilledQueries=0 end_to_end=0.260955 favor_delta_d_alpha=10 favor_delta_d_beta=64 favor_delta_d_bfs_depth=2 favor_penalty_lambda=1 items_per_second=3.83217k/s itopk=64 k=10 n_queries=1 search_width=1 total_queries=1k algo="multi_cta"#favor_delta_d_file="/home/ubuntu/cuvs-filter/datasets/sift-128-euclidean/cagra_g32_ig64.index.delta_d"#favor_penalty_mode="cagra_retention_safe"#filter_mode="favor"
cagra-g32-ig64/2/process_time/real_time_stddev      0.001 ms        0.001 ms            5 GPU=613.864n Latency=642.825n MissingResultSlots=0 Recall=54.7723u UnderfilledQueries=0 end_to_end=642.825u favor_delta_d_alpha=0 favor_delta_d_beta=0 favor_delta_d_bfs_depth=0 favor_penalty_lambda=0 items_per_second=9.45463/s itopk=0 k=0 n_queries=0 search_width=0 total_queries=0 algo="multi_cta"#favor_delta_d_file="/home/ubuntu/cuvs-filter/datasets/sift-128-euclidean/cagra_g32_ig64.index.delta_d"#favor_penalty_mode="cagra_retention_safe"#filter_mode="favor"
cagra-g32-ig64/2/process_time/real_time_cv           0.25 %          0.24 %             5 GPU=0.24% Latency=0.25% MissingResultSlots=0.00% Recall=0.01% UnderfilledQueries=0.00% end_to_end=0.25% favor_delta_d_alpha=0.00% favor_delta_d_beta=0.00% favor_delta_d_bfs_depth=0.00% favor_penalty_lambda=0.00% items_per_second=0.25% itopk=0.00% k=0.00% n_queries=0.00% search_width=0.00% total_queries=0.00% algo="multi_cta"#favor_delta_d_file="/home/ubuntu/cuvs-filter/datasets/sift-128-euclidean/cagra_g32_ig64.index.delta_d"#favor_penalty_mode="cagra_retention_safe"#filter_mode="favor"
cagra-g32-ig64/0/process_time/real_time             0.265 ms        0.265 ms         1000 GPU=258.051u Latency=265.346u MissingResultSlots=0 Recall=0.9835 UnderfilledQueries=0 end_to_end=0.265346 items_per_second=3.76874k/s itopk=64 k=10 n_queries=1 search_width=1 total_queries=1k algo="multi_cta"#filter_mode="default"
cagra-g32-ig64/0/process_time/real_time             0.268 ms        0.268 ms         1000 GPU=259.818u Latency=267.741u MissingResultSlots=0 Recall=0.9835 UnderfilledQueries=0 end_to_end=0.267741 items_per_second=3.73504k/s itopk=64 k=10 n_queries=1 search_width=1 total_queries=1k algo="multi_cta"#filter_mode="default"
cagra-g32-ig64/0/process_time/real_time             0.267 ms        0.267 ms         1000 GPU=259.717u Latency=267.204u MissingResultSlots=0 Recall=0.9835 UnderfilledQueries=0 end_to_end=0.267204 items_per_second=3.74255k/s itopk=64 k=10 n_queries=1 search_width=1 total_queries=1k algo="multi_cta"#filter_mode="default"
cagra-g32-ig64/0/process_time/real_time             0.268 ms        0.268 ms         1000 GPU=259.996u Latency=267.737u MissingResultSlots=0 Recall=0.9835 UnderfilledQueries=0 end_to_end=0.267737 items_per_second=3.73511k/s itopk=64 k=10 n_queries=1 search_width=1 total_queries=1k algo="multi_cta"#filter_mode="default"
cagra-g32-ig64/0/process_time/real_time             0.267 ms        0.267 ms         1000 GPU=259.125u Latency=266.798u MissingResultSlots=0 Recall=0.9836 UnderfilledQueries=0 end_to_end=0.266798 items_per_second=3.74825k/s itopk=64 k=10 n_queries=1 search_width=1 total_queries=1k algo="multi_cta"#filter_mode="default"
cagra-g32-ig64/0/process_time/real_time_mean        0.267 ms        0.267 ms            5 GPU=259.341u Latency=266.965u MissingResultSlots=0 Recall=0.98352 UnderfilledQueries=0 end_to_end=0.266965 items_per_second=3.74594k/s itopk=64 k=10 n_queries=1 search_width=1 total_queries=1k algo="multi_cta"#filter_mode="default"
cagra-g32-ig64/0/process_time/real_time_median      0.267 ms        0.267 ms            5 GPU=259.717u Latency=267.204u MissingResultSlots=0 Recall=0.9835 UnderfilledQueries=0 end_to_end=0.267204 items_per_second=3.74255k/s itopk=64 k=10 n_queries=1 search_width=1 total_queries=1k algo="multi_cta"#filter_mode="default"
cagra-g32-ig64/0/process_time/real_time_stddev      0.001 ms        0.001 ms            5 GPU=791.884n Latency=987.773n MissingResultSlots=0 Recall=44.7214u UnderfilledQueries=0 end_to_end=987.773u items_per_second=13.9015/s itopk=0 k=0 n_queries=0 search_width=0 total_queries=0 algo="multi_cta"#filter_mode="default"
cagra-g32-ig64/0/process_time/real_time_cv           0.37 %          0.36 %             5 GPU=0.31% Latency=0.37% MissingResultSlots=0.00% Recall=0.00% UnderfilledQueries=0.00% end_to_end=0.37% items_per_second=0.37% itopk=0.00% k=0.00% n_queries=0.00% search_width=0.00% total_queries=0.00% algo="multi_cta"#filter_mode="default"
cagra-g32-ig64/3/process_time/real_time             0.274 ms        0.274 ms         1000 GPU=266.246u Latency=273.726u MissingResultSlots=0 Recall=0.9962 UnderfilledQueries=0 end_to_end=0.273726 favor_delta_d_alpha=10 favor_delta_d_beta=64 favor_delta_d_bfs_depth=2 favor_penalty_lambda=1 items_per_second=3.65338k/s itopk=128 k=10 n_queries=1 search_width=1 total_queries=1k algo="multi_cta"#favor_delta_d_file="/home/ubuntu/cuvs-filter/datasets/sift-128-euclidean/cagra_g32_ig64.index.delta_d"#favor_penalty_mode="cagra_retention_safe"#filter_mode="favor"
cagra-g32-ig64/3/process_time/real_time             0.276 ms        0.277 ms         1000 GPU=268.349u Latency=276.496u MissingResultSlots=0 Recall=0.9964 UnderfilledQueries=0 end_to_end=0.276496 favor_delta_d_alpha=10 favor_delta_d_beta=64 favor_delta_d_bfs_depth=2 favor_penalty_lambda=1 items_per_second=3.61711k/s itopk=128 k=10 n_queries=1 search_width=1 total_queries=1k algo="multi_cta"#favor_delta_d_file="/home/ubuntu/cuvs-filter/datasets/sift-128-euclidean/cagra_g32_ig64.index.delta_d"#favor_penalty_mode="cagra_retention_safe"#filter_mode="favor"
cagra-g32-ig64/3/process_time/real_time             0.272 ms        0.272 ms         1000 GPU=265.068u Latency=272.38u MissingResultSlots=0 Recall=0.9962 UnderfilledQueries=0 end_to_end=0.27238 favor_delta_d_alpha=10 favor_delta_d_beta=64 favor_delta_d_bfs_depth=2 favor_penalty_lambda=1 items_per_second=3.67144k/s itopk=128 k=10 n_queries=1 search_width=1 total_queries=1k algo="multi_cta"#favor_delta_d_file="/home/ubuntu/cuvs-filter/datasets/sift-128-euclidean/cagra_g32_ig64.index.delta_d"#favor_penalty_mode="cagra_retention_safe"#filter_mode="favor"
cagra-g32-ig64/3/process_time/real_time             0.274 ms        0.274 ms         1000 GPU=266.177u Latency=273.802u MissingResultSlots=0 Recall=0.9963 UnderfilledQueries=0 end_to_end=0.273802 favor_delta_d_alpha=10 favor_delta_d_beta=64 favor_delta_d_bfs_depth=2 favor_penalty_lambda=1 items_per_second=3.65236k/s itopk=128 k=10 n_queries=1 search_width=1 total_queries=1k algo="multi_cta"#favor_delta_d_file="/home/ubuntu/cuvs-filter/datasets/sift-128-euclidean/cagra_g32_ig64.index.delta_d"#favor_penalty_mode="cagra_retention_safe"#filter_mode="favor"
cagra-g32-ig64/3/process_time/real_time             0.275 ms        0.275 ms         1000 GPU=266.919u Latency=274.868u MissingResultSlots=0 Recall=0.9963 UnderfilledQueries=0 end_to_end=0.274868 favor_delta_d_alpha=10 favor_delta_d_beta=64 favor_delta_d_bfs_depth=2 favor_penalty_lambda=1 items_per_second=3.63819k/s itopk=128 k=10 n_queries=1 search_width=1 total_queries=1k algo="multi_cta"#favor_delta_d_file="/home/ubuntu/cuvs-filter/datasets/sift-128-euclidean/cagra_g32_ig64.index.delta_d"#favor_penalty_mode="cagra_retention_safe"#filter_mode="favor"
cagra-g32-ig64/3/process_time/real_time_mean        0.274 ms        0.274 ms            5 GPU=266.552u Latency=274.254u MissingResultSlots=0 Recall=0.99628 UnderfilledQueries=0 end_to_end=0.274254 favor_delta_d_alpha=10 favor_delta_d_beta=64 favor_delta_d_bfs_depth=2 favor_penalty_lambda=1 items_per_second=3.6465k/s itopk=128 k=10 n_queries=1 search_width=1 total_queries=1k algo="multi_cta"#favor_delta_d_file="/home/ubuntu/cuvs-filter/datasets/sift-128-euclidean/cagra_g32_ig64.index.delta_d"#favor_penalty_mode="cagra_retention_safe"#filter_mode="favor"
cagra-g32-ig64/3/process_time/real_time_median      0.274 ms        0.274 ms            5 GPU=266.246u Latency=273.802u MissingResultSlots=0 Recall=0.9963 UnderfilledQueries=0 end_to_end=0.273802 favor_delta_d_alpha=10 favor_delta_d_beta=64 favor_delta_d_bfs_depth=2 favor_penalty_lambda=1 items_per_second=3.65236k/s itopk=128 k=10 n_queries=1 search_width=1 total_queries=1k algo="multi_cta"#favor_delta_d_file="/home/ubuntu/cuvs-filter/datasets/sift-128-euclidean/cagra_g32_ig64.index.delta_d"#favor_penalty_mode="cagra_retention_safe"#filter_mode="favor"
cagra-g32-ig64/3/process_time/real_time_stddev      0.002 ms        0.002 ms            5 GPU=1.20431u Latency=1.53281u MissingResultSlots=0 Recall=83.666u UnderfilledQueries=0 end_to_end=1.53281m favor_delta_d_alpha=0 favor_delta_d_beta=0 favor_delta_d_bfs_depth=0 favor_penalty_lambda=0 items_per_second=20.2253/s itopk=0 k=0 n_queries=0 search_width=0 total_queries=0 algo="multi_cta"#favor_delta_d_file="/home/ubuntu/cuvs-filter/datasets/sift-128-euclidean/cagra_g32_ig64.index.delta_d"#favor_penalty_mode="cagra_retention_safe"#filter_mode="favor"
cagra-g32-ig64/3/process_time/real_time_cv           0.56 %          0.57 %             5 GPU=0.45% Latency=0.56% MissingResultSlots=0.00% Recall=0.01% UnderfilledQueries=0.00% end_to_end=0.56% favor_delta_d_alpha=0.00% favor_delta_d_beta=0.00% favor_delta_d_bfs_depth=0.00% favor_penalty_lambda=0.00% items_per_second=0.55% itopk=0.00% k=0.00% n_queries=0.00% search_width=0.00% total_queries=0.00% algo="multi_cta"#favor_delta_d_file="/home/ubuntu/cuvs-filter/datasets/sift-128-euclidean/cagra_g32_ig64.index.delta_d"#favor_penalty_mode="cagra_retention_safe"#filter_mode="favor"
cagra-g32-ig64/1/process_time/real_time             0.281 ms        0.281 ms         1000 GPU=273.022u Latency=280.632u MissingResultSlots=0 Recall=0.9969 UnderfilledQueries=0 end_to_end=0.280632 items_per_second=3.56347k/s itopk=128 k=10 n_queries=1 search_width=1 total_queries=1k algo="multi_cta"#filter_mode="default"
cagra-g32-ig64/1/process_time/real_time             0.279 ms        0.279 ms         1000 GPU=271.967u Latency=279.378u MissingResultSlots=0 Recall=0.9969 UnderfilledQueries=0 end_to_end=0.279378 items_per_second=3.57945k/s itopk=128 k=10 n_queries=1 search_width=1 total_queries=1k algo="multi_cta"#filter_mode="default"
cagra-g32-ig64/1/process_time/real_time             0.280 ms        0.280 ms         1000 GPU=272.93u Latency=280.417u MissingResultSlots=0 Recall=0.997 UnderfilledQueries=0 end_to_end=0.280417 items_per_second=3.5662k/s itopk=128 k=10 n_queries=1 search_width=1 total_queries=1k algo="multi_cta"#filter_mode="default"
cagra-g32-ig64/1/process_time/real_time             0.280 ms        0.280 ms         1000 GPU=272.865u Latency=280.378u MissingResultSlots=0 Recall=0.9969 UnderfilledQueries=0 end_to_end=0.280378 items_per_second=3.56669k/s itopk=128 k=10 n_queries=1 search_width=1 total_queries=1k algo="multi_cta"#filter_mode="default"
cagra-g32-ig64/1/process_time/real_time             0.279 ms        0.279 ms         1000 GPU=272.107u Latency=279.491u MissingResultSlots=0 Recall=0.9969 UnderfilledQueries=0 end_to_end=0.279491 items_per_second=3.57802k/s itopk=128 k=10 n_queries=1 search_width=1 total_queries=1k algo="multi_cta"#filter_mode="default"
cagra-g32-ig64/1/process_time/real_time_mean        0.280 ms        0.280 ms            5 GPU=272.578u Latency=280.059u MissingResultSlots=0 Recall=0.99692 UnderfilledQueries=0 end_to_end=0.280059 items_per_second=3.57077k/s itopk=128 k=10 n_queries=1 search_width=1 total_queries=1k algo="multi_cta"#filter_mode="default"
cagra-g32-ig64/1/process_time/real_time_median      0.280 ms        0.280 ms            5 GPU=272.865u Latency=280.378u MissingResultSlots=0 Recall=0.9969 UnderfilledQueries=0 end_to_end=0.280378 items_per_second=3.56669k/s itopk=128 k=10 n_queries=1 search_width=1 total_queries=1k algo="multi_cta"#filter_mode="default"
cagra-g32-ig64/1/process_time/real_time_stddev      0.001 ms        0.001 ms            5 GPU=499.699n Latency=579.835n MissingResultSlots=0 Recall=44.7214u UnderfilledQueries=0 end_to_end=579.835u items_per_second=7.39565/s itopk=0 k=0 n_queries=0 search_width=0 total_queries=0 algo="multi_cta"#filter_mode="default"
cagra-g32-ig64/1/process_time/real_time_cv           0.21 %          0.22 %             5 GPU=0.18% Latency=0.21% MissingResultSlots=0.00% Recall=0.00% UnderfilledQueries=0.00% end_to_end=0.21% items_per_second=0.21% itopk=0.00% k=0.00% n_queries=0.00% search_width=0.00% total_queries=0.00% algo="multi_cta"#filter_mode="default"
