[I] [08:39:03.079872] Using the query file '/home/ubuntu/cuvs-filter/datasets/bigann-10M/query.public.10K.u8bin'
[I] [08:39:03.079916] Using the ground truth file '/home/ubuntu/cuvs-filter/datasets/bigann-10M/favor/groundtruth_s50.ibin'
2026-08-05T08:39:03+00:00
Running /home/ubuntu/cuvs-filter-regression-worktrees/old_79ca/cpp/build/bench/ann/CUVS_CAGRA_ANN_BENCH
Run on (32 X 2200.18 MHz CPU s)
CPU Caches:
  L1 Data 32 KiB (x16)
  L1 Instruction 32 KiB (x16)
  L2 Unified 1024 KiB (x16)
  L3 Unified 39424 KiB (x1)
Load Average: 9.35, 25.19, 23.96
command_line: /home/ubuntu/cuvs-filter-regression-worktrees/old_79ca/cpp/build/bench/ann/CUVS_CAGRA_ANN_BENCH --search --mode=latency --threads=1 --data_prefix=/home/ubuntu/cuvs-filter/datasets --index_prefix=/home/ubuntu/cuvs-filter/datasets --benchmark_repetitions=5 --benchmark_min_time=1000x --benchmark_min_warmup_time=0.1 --benchmark_enable_random_interleaving=true --benchmark_report_aggregates_only=false --benchmark_out_format=json --benchmark_out=/home/ubuntu/cuvs-filter/benchmarks/favor/results_multi_cta_retention_regression/raw/old_79ca/bigann10m50.json /home/ubuntu/cuvs-filter/benchmarks/favor/results_multi_cta_retention_regression/configs/bigann10m50.json
dataset: bigann-10M-s50
dim: 128
distance: euclidean
gpu_driver_version: 13.0
gpu_gpuDirectRDMASupported: 1
gpu_hostNativeAtomicSupported: 0
gpu_mem_bus_width: 192
gpu_mem_freq: 6251000000.000000
gpu_mem_global_size: 23659151360
gpu_mem_shared_size: 102400
gpu_name: NVIDIA L4
gpu_pageableMemoryAccess: 1
gpu_pageableMemoryAccessUsesHostPageTables: 0
gpu_runtime_version: 13.3
gpu_sm_count: 58
gpu_sm_freq: 2040000000.000000
host_cores_used: 16
host_pagesize: 4096
host_processors_sysconf: 32
host_processors_used: 32
host_total_ram_size: 135061630976
host_total_swap_size: 0
max_k: 10
max_n_queries: 10000
***WARNING*** ASLR is enabled, the results may have unreproducible noise in them.
---------------------------------------------------------------------------------------------------------
Benchmark                                               Time             CPU   Iterations UserCounters...
---------------------------------------------------------------------------------------------------------
cagra-g32-ig64/3/process_time/real_time             0.273 ms        0.273 ms         1000 GPU=265.647u Latency=273.262u Recall=0.9872 end_to_end=0.273262 favor_delta_d_alpha=10 favor_delta_d_beta=64 favor_delta_d_bfs_depth=2 favor_penalty_lambda=1 items_per_second=3.65957k/s itopk=128 k=10 n_queries=1 search_width=1 total_queries=1k algo="multi_cta"#favor_delta_d_file="/home/ubuntu/cuvs-filter/datasets/bigann-10M/cagra_g32_ig64.index.delta_d"#favor_penalty_mode="cagra_retention_safe"#filter_mode="favor"
cagra-g32-ig64/3/process_time/real_time             0.272 ms        0.272 ms         1000 GPU=264.256u Latency=271.559u Recall=0.9874 end_to_end=0.271559 favor_delta_d_alpha=10 favor_delta_d_beta=64 favor_delta_d_bfs_depth=2 favor_penalty_lambda=1 items_per_second=3.68253k/s itopk=128 k=10 n_queries=1 search_width=1 total_queries=1k algo="multi_cta"#favor_delta_d_file="/home/ubuntu/cuvs-filter/datasets/bigann-10M/cagra_g32_ig64.index.delta_d"#favor_penalty_mode="cagra_retention_safe"#filter_mode="favor"
cagra-g32-ig64/3/process_time/real_time             0.273 ms        0.273 ms         1000 GPU=265.089u Latency=272.635u Recall=0.9872 end_to_end=0.272635 favor_delta_d_alpha=10 favor_delta_d_beta=64 favor_delta_d_bfs_depth=2 favor_penalty_lambda=1 items_per_second=3.66799k/s itopk=128 k=10 n_queries=1 search_width=1 total_queries=1k algo="multi_cta"#favor_delta_d_file="/home/ubuntu/cuvs-filter/datasets/bigann-10M/cagra_g32_ig64.index.delta_d"#favor_penalty_mode="cagra_retention_safe"#filter_mode="favor"
cagra-g32-ig64/3/process_time/real_time             0.271 ms        0.271 ms         1000 GPU=263.58u Latency=270.922u Recall=0.9871 end_to_end=0.270922 favor_delta_d_alpha=10 favor_delta_d_beta=64 favor_delta_d_bfs_depth=2 favor_penalty_lambda=1 items_per_second=3.69119k/s itopk=128 k=10 n_queries=1 search_width=1 total_queries=1k algo="multi_cta"#favor_delta_d_file="/home/ubuntu/cuvs-filter/datasets/bigann-10M/cagra_g32_ig64.index.delta_d"#favor_penalty_mode="cagra_retention_safe"#filter_mode="favor"
cagra-g32-ig64/3/process_time/real_time             0.272 ms        0.272 ms         1000 GPU=264.802u Latency=272.136u Recall=0.9874 end_to_end=0.272136 favor_delta_d_alpha=10 favor_delta_d_beta=64 favor_delta_d_bfs_depth=2 favor_penalty_lambda=1 items_per_second=3.67472k/s itopk=128 k=10 n_queries=1 search_width=1 total_queries=1k algo="multi_cta"#favor_delta_d_file="/home/ubuntu/cuvs-filter/datasets/bigann-10M/cagra_g32_ig64.index.delta_d"#favor_penalty_mode="cagra_retention_safe"#filter_mode="favor"
cagra-g32-ig64/3/process_time/real_time_mean        0.272 ms        0.272 ms            5 GPU=264.675u Latency=272.103u Recall=0.98726 end_to_end=0.272103 favor_delta_d_alpha=10 favor_delta_d_beta=64 favor_delta_d_bfs_depth=2 favor_penalty_lambda=1 items_per_second=3.6752k/s itopk=128 k=10 n_queries=1 search_width=1 total_queries=1k algo="multi_cta"#favor_delta_d_file="/home/ubuntu/cuvs-filter/datasets/bigann-10M/cagra_g32_ig64.index.delta_d"#favor_penalty_mode="cagra_retention_safe"#filter_mode="favor"
cagra-g32-ig64/3/process_time/real_time_median      0.272 ms        0.272 ms            5 GPU=264.802u Latency=272.136u Recall=0.9872 end_to_end=0.272136 favor_delta_d_alpha=10 favor_delta_d_beta=64 favor_delta_d_bfs_depth=2 favor_penalty_lambda=1 items_per_second=3.67472k/s itopk=128 k=10 n_queries=1 search_width=1 total_queries=1k algo="multi_cta"#favor_delta_d_file="/home/ubuntu/cuvs-filter/datasets/bigann-10M/cagra_g32_ig64.index.delta_d"#favor_penalty_mode="cagra_retention_safe"#filter_mode="favor"
cagra-g32-ig64/3/process_time/real_time_stddev      0.001 ms        0.001 ms            5 GPU=791.684n Latency=910.999n Recall=134.164u end_to_end=910.999u favor_delta_d_alpha=0 favor_delta_d_beta=0 favor_delta_d_bfs_depth=0 favor_penalty_lambda=0 items_per_second=12.3069/s itopk=0 k=0 n_queries=0 search_width=0 total_queries=0 algo="multi_cta"#favor_delta_d_file="/home/ubuntu/cuvs-filter/datasets/bigann-10M/cagra_g32_ig64.index.delta_d"#favor_penalty_mode="cagra_retention_safe"#filter_mode="favor"
cagra-g32-ig64/3/process_time/real_time_cv           0.33 %          0.33 %             5 GPU=0.30% Latency=0.33% Recall=0.01% end_to_end=0.33% favor_delta_d_alpha=0.00% favor_delta_d_beta=0.00% favor_delta_d_bfs_depth=0.00% favor_penalty_lambda=0.00% items_per_second=0.33% itopk=0.00% k=0.00% n_queries=0.00% search_width=0.00% total_queries=0.00% algo="multi_cta"#favor_delta_d_file="/home/ubuntu/cuvs-filter/datasets/bigann-10M/cagra_g32_ig64.index.delta_d"#favor_penalty_mode="cagra_retention_safe"#filter_mode="favor"
cagra-g32-ig64/0/process_time/real_time             0.268 ms        0.268 ms         1000 GPU=260.404u Latency=267.971u Recall=0.9606 end_to_end=0.267971 items_per_second=3.73185k/s itopk=64 k=10 n_queries=1 search_width=1 total_queries=1k algo="multi_cta"#filter_mode="default"
cagra-g32-ig64/0/process_time/real_time             0.269 ms        0.269 ms         1000 GPU=260.772u Latency=268.654u Recall=0.9605 end_to_end=0.268654 items_per_second=3.72233k/s itopk=64 k=10 n_queries=1 search_width=1 total_queries=1k algo="multi_cta"#filter_mode="default"
cagra-g32-ig64/0/process_time/real_time             0.266 ms        0.266 ms         1000 GPU=258.802u Latency=266.103u Recall=0.9607 end_to_end=0.266103 items_per_second=3.75803k/s itopk=64 k=10 n_queries=1 search_width=1 total_queries=1k algo="multi_cta"#filter_mode="default"
cagra-g32-ig64/0/process_time/real_time             0.265 ms        0.265 ms         1000 GPU=257.949u Latency=265.346u Recall=0.9606 end_to_end=0.265346 items_per_second=3.76875k/s itopk=64 k=10 n_queries=1 search_width=1 total_queries=1k algo="multi_cta"#filter_mode="default"
cagra-g32-ig64/0/process_time/real_time             0.265 ms        0.265 ms         1000 GPU=258.211u Latency=265.446u Recall=0.9607 end_to_end=0.265446 items_per_second=3.76733k/s itopk=64 k=10 n_queries=1 search_width=1 total_queries=1k algo="multi_cta"#filter_mode="default"
cagra-g32-ig64/0/process_time/real_time_mean        0.267 ms        0.267 ms            5 GPU=259.228u Latency=266.704u Recall=0.96062 end_to_end=0.266704 items_per_second=3.74966k/s itopk=64 k=10 n_queries=1 search_width=1 total_queries=1k algo="multi_cta"#filter_mode="default"
cagra-g32-ig64/0/process_time/real_time_median      0.266 ms        0.266 ms            5 GPU=258.802u Latency=266.103u Recall=0.9606 end_to_end=0.266103 items_per_second=3.75803k/s itopk=64 k=10 n_queries=1 search_width=1 total_queries=1k algo="multi_cta"#filter_mode="default"
cagra-g32-ig64/0/process_time/real_time_stddev      0.002 ms        0.002 ms            5 GPU=1.2862u Latency=1.51624u Recall=83.666u end_to_end=1.51624m items_per_second=21.277/s itopk=0 k=0 n_queries=0 search_width=0 total_queries=0 algo="multi_cta"#filter_mode="default"
cagra-g32-ig64/0/process_time/real_time_cv           0.57 %          0.59 %             5 GPU=0.50% Latency=0.57% Recall=0.01% end_to_end=0.57% items_per_second=0.57% itopk=0.00% k=0.00% n_queries=0.00% search_width=0.00% total_queries=0.00% algo="multi_cta"#filter_mode="default"
cagra-g32-ig64/1/process_time/real_time             0.278 ms        0.278 ms         1000 GPU=270.556u Latency=278.122u Recall=0.9879 end_to_end=0.278122 items_per_second=3.59563k/s itopk=128 k=10 n_queries=1 search_width=1 total_queries=1k algo="multi_cta"#filter_mode="default"
cagra-g32-ig64/1/process_time/real_time             0.278 ms        0.278 ms         1000 GPU=270.143u Latency=277.704u Recall=0.9879 end_to_end=0.277704 items_per_second=3.60102k/s itopk=128 k=10 n_queries=1 search_width=1 total_queries=1k algo="multi_cta"#filter_mode="default"
cagra-g32-ig64/1/process_time/real_time             0.278 ms        0.278 ms         1000 GPU=270.595u Latency=278.004u Recall=0.9879 end_to_end=0.278004 items_per_second=3.59716k/s itopk=128 k=10 n_queries=1 search_width=1 total_queries=1k algo="multi_cta"#filter_mode="default"
cagra-g32-ig64/1/process_time/real_time             0.278 ms        0.278 ms         1000 GPU=270.385u Latency=277.878u Recall=0.9879 end_to_end=0.277878 items_per_second=3.59879k/s itopk=128 k=10 n_queries=1 search_width=1 total_queries=1k algo="multi_cta"#filter_mode="default"
cagra-g32-ig64/1/process_time/real_time             0.279 ms        0.279 ms         1000 GPU=271.57u Latency=279.13u Recall=0.988 end_to_end=0.27913 items_per_second=3.58264k/s itopk=128 k=10 n_queries=1 search_width=1 total_queries=1k algo="multi_cta"#filter_mode="default"
cagra-g32-ig64/1/process_time/real_time_mean        0.278 ms        0.278 ms            5 GPU=270.65u Latency=278.168u Recall=0.98792 end_to_end=0.278168 items_per_second=3.59505k/s itopk=128 k=10 n_queries=1 search_width=1 total_queries=1k algo="multi_cta"#filter_mode="default"
cagra-g32-ig64/1/process_time/real_time_median      0.278 ms        0.278 ms            5 GPU=270.556u Latency=278.004u Recall=0.9879 end_to_end=0.278004 items_per_second=3.59716k/s itopk=128 k=10 n_queries=1 search_width=1 total_queries=1k algo="multi_cta"#filter_mode="default"
cagra-g32-ig64/1/process_time/real_time_stddev      0.001 ms        0.001 ms            5 GPU=544.318n Latency=559.927n Recall=44.7214u end_to_end=559.927u items_per_second=7.21822/s itopk=0 k=0 n_queries=0 search_width=0 total_queries=0 algo="multi_cta"#filter_mode="default"
cagra-g32-ig64/1/process_time/real_time_cv           0.20 %          0.20 %             5 GPU=0.20% Latency=0.20% Recall=0.00% end_to_end=0.20% items_per_second=0.20% itopk=0.00% k=0.00% n_queries=0.00% search_width=0.00% total_queries=0.00% algo="multi_cta"#filter_mode="default"
cagra-g32-ig64/2/process_time/real_time             0.262 ms        0.262 ms         1000 GPU=254.503u Latency=262.435u Recall=0.9576 end_to_end=0.262435 favor_delta_d_alpha=10 favor_delta_d_beta=64 favor_delta_d_bfs_depth=2 favor_penalty_lambda=1 items_per_second=3.81055k/s itopk=64 k=10 n_queries=1 search_width=1 total_queries=1k algo="multi_cta"#favor_delta_d_file="/home/ubuntu/cuvs-filter/datasets/bigann-10M/cagra_g32_ig64.index.delta_d"#favor_penalty_mode="cagra_retention_safe"#filter_mode="favor"
cagra-g32-ig64/2/process_time/real_time             0.262 ms        0.263 ms         1000 GPU=254.962u Latency=262.433u Recall=0.9575 end_to_end=0.262433 favor_delta_d_alpha=10 favor_delta_d_beta=64 favor_delta_d_bfs_depth=2 favor_penalty_lambda=1 items_per_second=3.81059k/s itopk=64 k=10 n_queries=1 search_width=1 total_queries=1k algo="multi_cta"#favor_delta_d_file="/home/ubuntu/cuvs-filter/datasets/bigann-10M/cagra_g32_ig64.index.delta_d"#favor_penalty_mode="cagra_retention_safe"#filter_mode="favor"
cagra-g32-ig64/2/process_time/real_time             0.261 ms        0.261 ms         1000 GPU=253.65u Latency=260.908u Recall=0.9576 end_to_end=0.260908 favor_delta_d_alpha=10 favor_delta_d_beta=64 favor_delta_d_bfs_depth=2 favor_penalty_lambda=1 items_per_second=3.83289k/s itopk=64 k=10 n_queries=1 search_width=1 total_queries=1k algo="multi_cta"#favor_delta_d_file="/home/ubuntu/cuvs-filter/datasets/bigann-10M/cagra_g32_ig64.index.delta_d"#favor_penalty_mode="cagra_retention_safe"#filter_mode="favor"
cagra-g32-ig64/2/process_time/real_time             0.261 ms        0.261 ms         1000 GPU=253.791u Latency=261.127u Recall=0.9575 end_to_end=0.261127 favor_delta_d_alpha=10 favor_delta_d_beta=64 favor_delta_d_bfs_depth=2 favor_penalty_lambda=1 items_per_second=3.82966k/s itopk=64 k=10 n_queries=1 search_width=1 total_queries=1k algo="multi_cta"#favor_delta_d_file="/home/ubuntu/cuvs-filter/datasets/bigann-10M/cagra_g32_ig64.index.delta_d"#favor_penalty_mode="cagra_retention_safe"#filter_mode="favor"
cagra-g32-ig64/2/process_time/real_time             0.262 ms        0.262 ms         1000 GPU=254.171u Latency=262.115u Recall=0.9576 end_to_end=0.262115 favor_delta_d_alpha=10 favor_delta_d_beta=64 favor_delta_d_bfs_depth=2 favor_penalty_lambda=1 items_per_second=3.81523k/s itopk=64 k=10 n_queries=1 search_width=1 total_queries=1k algo="multi_cta"#favor_delta_d_file="/home/ubuntu/cuvs-filter/datasets/bigann-10M/cagra_g32_ig64.index.delta_d"#favor_penalty_mode="cagra_retention_safe"#filter_mode="favor"
cagra-g32-ig64/2/process_time/real_time_mean        0.262 ms        0.262 ms            5 GPU=254.215u Latency=261.804u Recall=0.95756 end_to_end=0.261804 favor_delta_d_alpha=10 favor_delta_d_beta=64 favor_delta_d_bfs_depth=2 favor_penalty_lambda=1 items_per_second=3.81978k/s itopk=64 k=10 n_queries=1 search_width=1 total_queries=1k algo="multi_cta"#favor_delta_d_file="/home/ubuntu/cuvs-filter/datasets/bigann-10M/cagra_g32_ig64.index.delta_d"#favor_penalty_mode="cagra_retention_safe"#filter_mode="favor"
cagra-g32-ig64/2/process_time/real_time_median      0.262 ms        0.262 ms            5 GPU=254.171u Latency=262.115u Recall=0.9576 end_to_end=0.262115 favor_delta_d_alpha=10 favor_delta_d_beta=64 favor_delta_d_bfs_depth=2 favor_penalty_lambda=1 items_per_second=3.81523k/s itopk=64 k=10 n_queries=1 search_width=1 total_queries=1k algo="multi_cta"#favor_delta_d_file="/home/ubuntu/cuvs-filter/datasets/bigann-10M/cagra_g32_ig64.index.delta_d"#favor_penalty_mode="cagra_retention_safe"#filter_mode="favor"
cagra-g32-ig64/2/process_time/real_time_stddev      0.001 ms        0.001 ms            5 GPU=534.429n Latency=733.389n Recall=54.7723u end_to_end=733.389u favor_delta_d_alpha=0 favor_delta_d_beta=0 favor_delta_d_bfs_depth=0 favor_penalty_lambda=0 items_per_second=10.723/s itopk=0 k=0 n_queries=0 search_width=0 total_queries=0 algo="multi_cta"#favor_delta_d_file="/home/ubuntu/cuvs-filter/datasets/bigann-10M/cagra_g32_ig64.index.delta_d"#favor_penalty_mode="cagra_retention_safe"#filter_mode="favor"
cagra-g32-ig64/2/process_time/real_time_cv           0.28 %          0.29 %             5 GPU=0.21% Latency=0.28% Recall=0.01% end_to_end=0.28% favor_delta_d_alpha=0.00% favor_delta_d_beta=0.00% favor_delta_d_bfs_depth=0.00% favor_penalty_lambda=0.00% items_per_second=0.28% itopk=0.00% k=0.00% n_queries=0.00% search_width=0.00% total_queries=0.00% algo="multi_cta"#favor_delta_d_file="/home/ubuntu/cuvs-filter/datasets/bigann-10M/cagra_g32_ig64.index.delta_d"#favor_penalty_mode="cagra_retention_safe"#filter_mode="favor"
