[I] [08:49:16.184139] Using the query file '/home/ubuntu/cuvs-filter/datasets/sift-128-euclidean/query.fbin'
[I] [08:49:16.184189] Using the ground truth file '/home/ubuntu/cuvs-filter/datasets/sift-128-euclidean/favor/groundtruth_s50.ibin'
2026-08-05T08:49:16+00:00
Running /home/ubuntu/cuvs-filter-regression-worktrees/old_79ca/cpp/build/bench/ann/CUVS_CAGRA_ANN_BENCH
Run on (32 X 2200.18 MHz CPU s)
CPU Caches:
  L1 Data 32 KiB (x16)
  L1 Instruction 32 KiB (x16)
  L2 Unified 1024 KiB (x16)
  L3 Unified 39424 KiB (x1)
Load Average: 1.54, 4.45, 13.04
command_line: /home/ubuntu/cuvs-filter-regression-worktrees/old_79ca/cpp/build/bench/ann/CUVS_CAGRA_ANN_BENCH --search --mode=latency --threads=1 --data_prefix=/home/ubuntu/cuvs-filter/datasets --index_prefix=/home/ubuntu/cuvs-filter/datasets --benchmark_repetitions=5 --benchmark_min_time=1000x --benchmark_min_warmup_time=0.1 --benchmark_enable_random_interleaving=true --benchmark_report_aggregates_only=false --benchmark_out_format=json --benchmark_out=/home/ubuntu/cuvs-filter/benchmarks/favor/results_multi_cta_retention_regression/raw/old_79ca/sift50.json /home/ubuntu/cuvs-filter/benchmarks/favor/results_multi_cta_retention_regression/configs/sift50.json
dataset: sift-128-euclidean-s50
dim: 128
distance: euclidean
gpu_driver_version: 13.0
gpu_gpuDirectRDMASupported: 1
gpu_hostNativeAtomicSupported: 0
gpu_mem_bus_width: 192
gpu_mem_freq: 6251000000.000000
gpu_mem_global_size: 23659151360
gpu_mem_shared_size: 102400
gpu_name: NVIDIA L4
gpu_pageableMemoryAccess: 1
gpu_pageableMemoryAccessUsesHostPageTables: 0
gpu_runtime_version: 13.3
gpu_sm_count: 58
gpu_sm_freq: 2040000000.000000
host_cores_used: 16
host_pagesize: 4096
host_processors_sysconf: 32
host_processors_used: 32
host_total_ram_size: 135061630976
host_total_swap_size: 0
max_k: 10
max_n_queries: 10000
***WARNING*** ASLR is enabled, the results may have unreproducible noise in them.
---------------------------------------------------------------------------------------------------------
Benchmark                                               Time             CPU   Iterations UserCounters...
---------------------------------------------------------------------------------------------------------
cagra-g32-ig64/3/process_time/real_time             0.272 ms        0.272 ms         1000 GPU=264.463u Latency=271.73u Recall=0.9962 end_to_end=0.27173 favor_delta_d_alpha=10 favor_delta_d_beta=64 favor_delta_d_bfs_depth=2 favor_penalty_lambda=1 items_per_second=3.68021k/s itopk=128 k=10 n_queries=1 search_width=1 total_queries=1k algo="multi_cta"#favor_delta_d_file="/home/ubuntu/cuvs-filter/datasets/sift-128-euclidean/cagra_g32_ig64.index.delta_d"#favor_penalty_mode="cagra_retention_safe"#filter_mode="favor"
cagra-g32-ig64/3/process_time/real_time             0.272 ms        0.272 ms         1000 GPU=264.218u Latency=271.686u Recall=0.9965 end_to_end=0.271686 favor_delta_d_alpha=10 favor_delta_d_beta=64 favor_delta_d_bfs_depth=2 favor_penalty_lambda=1 items_per_second=3.68079k/s itopk=128 k=10 n_queries=1 search_width=1 total_queries=1k algo="multi_cta"#favor_delta_d_file="/home/ubuntu/cuvs-filter/datasets/sift-128-euclidean/cagra_g32_ig64.index.delta_d"#favor_penalty_mode="cagra_retention_safe"#filter_mode="favor"
cagra-g32-ig64/3/process_time/real_time             0.272 ms        0.272 ms         1000 GPU=264.577u Latency=272.132u Recall=0.9963 end_to_end=0.272132 favor_delta_d_alpha=10 favor_delta_d_beta=64 favor_delta_d_bfs_depth=2 favor_penalty_lambda=1 items_per_second=3.67478k/s itopk=128 k=10 n_queries=1 search_width=1 total_queries=1k algo="multi_cta"#favor_delta_d_file="/home/ubuntu/cuvs-filter/datasets/sift-128-euclidean/cagra_g32_ig64.index.delta_d"#favor_penalty_mode="cagra_retention_safe"#filter_mode="favor"
cagra-g32-ig64/3/process_time/real_time             0.273 ms        0.274 ms         1000 GPU=265.852u Latency=273.496u Recall=0.9962 end_to_end=0.273496 favor_delta_d_alpha=10 favor_delta_d_beta=64 favor_delta_d_bfs_depth=2 favor_penalty_lambda=1 items_per_second=3.65644k/s itopk=128 k=10 n_queries=1 search_width=1 total_queries=1k algo="multi_cta"#favor_delta_d_file="/home/ubuntu/cuvs-filter/datasets/sift-128-euclidean/cagra_g32_ig64.index.delta_d"#favor_penalty_mode="cagra_retention_safe"#filter_mode="favor"
cagra-g32-ig64/3/process_time/real_time             0.272 ms        0.272 ms         1000 GPU=264.556u Latency=272.119u Recall=0.9962 end_to_end=0.272119 favor_delta_d_alpha=10 favor_delta_d_beta=64 favor_delta_d_bfs_depth=2 favor_penalty_lambda=1 items_per_second=3.67497k/s itopk=128 k=10 n_queries=1 search_width=1 total_queries=1k algo="multi_cta"#favor_delta_d_file="/home/ubuntu/cuvs-filter/datasets/sift-128-euclidean/cagra_g32_ig64.index.delta_d"#favor_penalty_mode="cagra_retention_safe"#filter_mode="favor"
cagra-g32-ig64/3/process_time/real_time_mean        0.272 ms        0.272 ms            5 GPU=264.733u Latency=272.233u Recall=0.99628 end_to_end=0.272233 favor_delta_d_alpha=10 favor_delta_d_beta=64 favor_delta_d_bfs_depth=2 favor_penalty_lambda=1 items_per_second=3.67344k/s itopk=128 k=10 n_queries=1 search_width=1 total_queries=1k algo="multi_cta"#favor_delta_d_file="/home/ubuntu/cuvs-filter/datasets/sift-128-euclidean/cagra_g32_ig64.index.delta_d"#favor_penalty_mode="cagra_retention_safe"#filter_mode="favor"
cagra-g32-ig64/3/process_time/real_time_median      0.272 ms        0.272 ms            5 GPU=264.556u Latency=272.119u Recall=0.9962 end_to_end=0.272119 favor_delta_d_alpha=10 favor_delta_d_beta=64 favor_delta_d_bfs_depth=2 favor_penalty_lambda=1 items_per_second=3.67497k/s itopk=128 k=10 n_queries=1 search_width=1 total_queries=1k algo="multi_cta"#favor_delta_d_file="/home/ubuntu/cuvs-filter/datasets/sift-128-euclidean/cagra_g32_ig64.index.delta_d"#favor_penalty_mode="cagra_retention_safe"#filter_mode="favor"
cagra-g32-ig64/3/process_time/real_time_stddev      0.001 ms        0.001 ms            5 GPU=641.751n Latency=736.842n Recall=130.384u end_to_end=736.842u favor_delta_d_alpha=0 favor_delta_d_beta=0 favor_delta_d_bfs_depth=0 favor_penalty_lambda=0 items_per_second=9.91381/s itopk=0 k=0 n_queries=0 search_width=0 total_queries=0 algo="multi_cta"#favor_delta_d_file="/home/ubuntu/cuvs-filter/datasets/sift-128-euclidean/cagra_g32_ig64.index.delta_d"#favor_penalty_mode="cagra_retention_safe"#filter_mode="favor"
cagra-g32-ig64/3/process_time/real_time_cv           0.27 %          0.27 %             5 GPU=0.24% Latency=0.27% Recall=0.01% end_to_end=0.27% favor_delta_d_alpha=0.00% favor_delta_d_beta=0.00% favor_delta_d_bfs_depth=0.00% favor_penalty_lambda=0.00% items_per_second=0.27% itopk=0.00% k=0.00% n_queries=0.00% search_width=0.00% total_queries=0.00% algo="multi_cta"#favor_delta_d_file="/home/ubuntu/cuvs-filter/datasets/sift-128-euclidean/cagra_g32_ig64.index.delta_d"#favor_penalty_mode="cagra_retention_safe"#filter_mode="favor"
cagra-g32-ig64/0/process_time/real_time             0.266 ms        0.266 ms         1000 GPU=258.788u Latency=266.241u Recall=0.9834 end_to_end=0.266241 items_per_second=3.75608k/s itopk=64 k=10 n_queries=1 search_width=1 total_queries=1k algo="multi_cta"#filter_mode="default"
cagra-g32-ig64/0/process_time/real_time             0.269 ms        0.268 ms         1000 GPU=260.938u Latency=268.715u Recall=0.9837 end_to_end=0.268715 items_per_second=3.72151k/s itopk=64 k=10 n_queries=1 search_width=1 total_queries=1k algo="multi_cta"#filter_mode="default"
cagra-g32-ig64/0/process_time/real_time             0.266 ms        0.266 ms         1000 GPU=258.835u Latency=266.322u Recall=0.9838 end_to_end=0.266322 items_per_second=3.75494k/s itopk=64 k=10 n_queries=1 search_width=1 total_queries=1k algo="multi_cta"#filter_mode="default"
cagra-g32-ig64/0/process_time/real_time             0.266 ms        0.266 ms         1000 GPU=258.149u Latency=265.772u Recall=0.9839 end_to_end=0.265772 items_per_second=3.76271k/s itopk=64 k=10 n_queries=1 search_width=1 total_queries=1k algo="multi_cta"#filter_mode="default"
cagra-g32-ig64/0/process_time/real_time             0.266 ms        0.266 ms         1000 GPU=258.582u Latency=266.282u Recall=0.9836 end_to_end=0.266282 items_per_second=3.7555k/s itopk=64 k=10 n_queries=1 search_width=1 total_queries=1k algo="multi_cta"#filter_mode="default"
cagra-g32-ig64/0/process_time/real_time_mean        0.267 ms        0.267 ms            5 GPU=259.058u Latency=266.667u Recall=0.98368 end_to_end=0.266667 items_per_second=3.75015k/s itopk=64 k=10 n_queries=1 search_width=1 total_queries=1k algo="multi_cta"#filter_mode="default"
cagra-g32-ig64/0/process_time/real_time_median      0.266 ms        0.266 ms            5 GPU=258.788u Latency=266.282u Recall=0.9837 end_to_end=0.266282 items_per_second=3.7555k/s itopk=64 k=10 n_queries=1 search_width=1 total_queries=1k algo="multi_cta"#filter_mode="default"
cagra-g32-ig64/0/process_time/real_time_stddev      0.001 ms        0.001 ms            5 GPU=1.08514u Latency=1.16668u Recall=192.354u end_to_end=1.16668m items_per_second=16.3146/s itopk=0 k=0 n_queries=0 search_width=0 total_queries=0 algo="multi_cta"#filter_mode="default"
cagra-g32-ig64/0/process_time/real_time_cv           0.44 %          0.40 %             5 GPU=0.42% Latency=0.44% Recall=0.02% end_to_end=0.44% items_per_second=0.44% itopk=0.00% k=0.00% n_queries=0.00% search_width=0.00% total_queries=0.00% algo="multi_cta"#filter_mode="default"
cagra-g32-ig64/1/process_time/real_time             0.279 ms        0.279 ms         1000 GPU=271.814u Latency=279.386u Recall=0.997 end_to_end=0.279386 items_per_second=3.57936k/s itopk=128 k=10 n_queries=1 search_width=1 total_queries=1k algo="multi_cta"#filter_mode="default"
cagra-g32-ig64/1/process_time/real_time             0.280 ms        0.280 ms         1000 GPU=272.322u Latency=279.828u Recall=0.997 end_to_end=0.279828 items_per_second=3.5737k/s itopk=128 k=10 n_queries=1 search_width=1 total_queries=1k algo="multi_cta"#filter_mode="default"
cagra-g32-ig64/1/process_time/real_time             0.280 ms        0.280 ms         1000 GPU=271.927u Latency=279.544u Recall=0.997 end_to_end=0.279544 items_per_second=3.57732k/s itopk=128 k=10 n_queries=1 search_width=1 total_queries=1k algo="multi_cta"#filter_mode="default"
cagra-g32-ig64/1/process_time/real_time             0.279 ms        0.279 ms         1000 GPU=271.396u Latency=278.782u Recall=0.997 end_to_end=0.278782 items_per_second=3.58711k/s itopk=128 k=10 n_queries=1 search_width=1 total_queries=1k algo="multi_cta"#filter_mode="default"
cagra-g32-ig64/1/process_time/real_time             0.278 ms        0.278 ms         1000 GPU=270.916u Latency=278.247u Recall=0.9969 end_to_end=0.278247 items_per_second=3.59401k/s itopk=128 k=10 n_queries=1 search_width=1 total_queries=1k algo="multi_cta"#filter_mode="default"
cagra-g32-ig64/1/process_time/real_time_mean        0.279 ms        0.279 ms            5 GPU=271.675u Latency=279.157u Recall=0.99698 end_to_end=0.279157 items_per_second=3.5823k/s itopk=128 k=10 n_queries=1 search_width=1 total_queries=1k algo="multi_cta"#filter_mode="default"
cagra-g32-ig64/1/process_time/real_time_median      0.279 ms        0.279 ms            5 GPU=271.814u Latency=279.386u Recall=0.997 end_to_end=0.279386 items_per_second=3.57936k/s itopk=128 k=10 n_queries=1 search_width=1 total_queries=1k algo="multi_cta"#filter_mode="default"
cagra-g32-ig64/1/process_time/real_time_stddev      0.001 ms        0.001 ms            5 GPU=537.238n Latency=636.762n Recall=44.7214u end_to_end=636.762u items_per_second=8.1825/s itopk=0 k=0 n_queries=0 search_width=0 total_queries=0 algo="multi_cta"#filter_mode="default"
cagra-g32-ig64/1/process_time/real_time_cv           0.23 %          0.23 %             5 GPU=0.20% Latency=0.23% Recall=0.00% end_to_end=0.23% items_per_second=0.23% itopk=0.00% k=0.00% n_queries=0.00% search_width=0.00% total_queries=0.00% algo="multi_cta"#filter_mode="default"
cagra-g32-ig64/2/process_time/real_time             0.261 ms        0.261 ms         1000 GPU=253.277u Latency=260.673u Recall=0.9831 end_to_end=0.260673 favor_delta_d_alpha=10 favor_delta_d_beta=64 favor_delta_d_bfs_depth=2 favor_penalty_lambda=1 items_per_second=3.83632k/s itopk=64 k=10 n_queries=1 search_width=1 total_queries=1k algo="multi_cta"#favor_delta_d_file="/home/ubuntu/cuvs-filter/datasets/sift-128-euclidean/cagra_g32_ig64.index.delta_d"#favor_penalty_mode="cagra_retention_safe"#filter_mode="favor"
cagra-g32-ig64/2/process_time/real_time             0.260 ms        0.260 ms         1000 GPU=252.748u Latency=260.124u Recall=0.983 end_to_end=0.260124 favor_delta_d_alpha=10 favor_delta_d_beta=64 favor_delta_d_bfs_depth=2 favor_penalty_lambda=1 items_per_second=3.84443k/s itopk=64 k=10 n_queries=1 search_width=1 total_queries=1k algo="multi_cta"#favor_delta_d_file="/home/ubuntu/cuvs-filter/datasets/sift-128-euclidean/cagra_g32_ig64.index.delta_d"#favor_penalty_mode="cagra_retention_safe"#filter_mode="favor"
cagra-g32-ig64/2/process_time/real_time             0.260 ms        0.260 ms         1000 GPU=252.361u Latency=259.54u Recall=0.983 end_to_end=0.25954 favor_delta_d_alpha=10 favor_delta_d_beta=64 favor_delta_d_bfs_depth=2 favor_penalty_lambda=1 items_per_second=3.85307k/s itopk=64 k=10 n_queries=1 search_width=1 total_queries=1k algo="multi_cta"#favor_delta_d_file="/home/ubuntu/cuvs-filter/datasets/sift-128-euclidean/cagra_g32_ig64.index.delta_d"#favor_penalty_mode="cagra_retention_safe"#filter_mode="favor"
cagra-g32-ig64/2/process_time/real_time             0.262 ms        0.262 ms         1000 GPU=254.124u Latency=261.756u Recall=0.983 end_to_end=0.261756 favor_delta_d_alpha=10 favor_delta_d_beta=64 favor_delta_d_bfs_depth=2 favor_penalty_lambda=1 items_per_second=3.82044k/s itopk=64 k=10 n_queries=1 search_width=1 total_queries=1k algo="multi_cta"#favor_delta_d_file="/home/ubuntu/cuvs-filter/datasets/sift-128-euclidean/cagra_g32_ig64.index.delta_d"#favor_penalty_mode="cagra_retention_safe"#filter_mode="favor"
cagra-g32-ig64/2/process_time/real_time             0.261 ms        0.261 ms         1000 GPU=253.514u Latency=260.869u Recall=0.9831 end_to_end=0.260869 favor_delta_d_alpha=10 favor_delta_d_beta=64 favor_delta_d_bfs_depth=2 favor_penalty_lambda=1 items_per_second=3.83345k/s itopk=64 k=10 n_queries=1 search_width=1 total_queries=1k algo="multi_cta"#favor_delta_d_file="/home/ubuntu/cuvs-filter/datasets/sift-128-euclidean/cagra_g32_ig64.index.delta_d"#favor_penalty_mode="cagra_retention_safe"#filter_mode="favor"
cagra-g32-ig64/2/process_time/real_time_mean        0.261 ms        0.261 ms            5 GPU=253.205u Latency=260.592u Recall=0.98304 end_to_end=0.260592 favor_delta_d_alpha=10 favor_delta_d_beta=64 favor_delta_d_bfs_depth=2 favor_penalty_lambda=1 items_per_second=3.83754k/s itopk=64 k=10 n_queries=1 search_width=1 total_queries=1k algo="multi_cta"#favor_delta_d_file="/home/ubuntu/cuvs-filter/datasets/sift-128-euclidean/cagra_g32_ig64.index.delta_d"#favor_penalty_mode="cagra_retention_safe"#filter_mode="favor"
cagra-g32-ig64/2/process_time/real_time_median      0.261 ms        0.261 ms            5 GPU=253.277u Latency=260.673u Recall=0.983 end_to_end=0.260673 favor_delta_d_alpha=10 favor_delta_d_beta=64 favor_delta_d_bfs_depth=2 favor_penalty_lambda=1 items_per_second=3.83632k/s itopk=64 k=10 n_queries=1 search_width=1 total_queries=1k algo="multi_cta"#favor_delta_d_file="/home/ubuntu/cuvs-filter/datasets/sift-128-euclidean/cagra_g32_ig64.index.delta_d"#favor_penalty_mode="cagra_retention_safe"#filter_mode="favor"
cagra-g32-ig64/2/process_time/real_time_stddev      0.001 ms        0.001 ms            5 GPU=683.039n Latency=831.384n Recall=54.7723u end_to_end=831.384u favor_delta_d_alpha=0 favor_delta_d_beta=0 favor_delta_d_bfs_depth=0 favor_penalty_lambda=0 items_per_second=12.2401/s itopk=0 k=0 n_queries=0 search_width=0 total_queries=0 algo="multi_cta"#favor_delta_d_file="/home/ubuntu/cuvs-filter/datasets/sift-128-euclidean/cagra_g32_ig64.index.delta_d"#favor_penalty_mode="cagra_retention_safe"#filter_mode="favor"
cagra-g32-ig64/2/process_time/real_time_cv           0.32 %          0.28 %             5 GPU=0.27% Latency=0.32% Recall=0.01% end_to_end=0.32% favor_delta_d_alpha=0.00% favor_delta_d_beta=0.00% favor_delta_d_bfs_depth=0.00% favor_penalty_lambda=0.00% items_per_second=0.32% itopk=0.00% k=0.00% n_queries=0.00% search_width=0.00% total_queries=0.00% algo="multi_cta"#favor_delta_d_file="/home/ubuntu/cuvs-filter/datasets/sift-128-euclidean/cagra_g32_ig64.index.delta_d"#favor_penalty_mode="cagra_retention_safe"#filter_mode="favor"
