2026-08-23T03:53:56+00:00
Running /home/ubuntu/cuvs-filter-retrieve/cpp/build/bench/ann/CUVS_CAGRA_ANN_BENCH
Run on (32 X 2200.22 MHz CPU s)
CPU Caches:
  L1 Data 32 KiB (x16)
  L1 Instruction 32 KiB (x16)
  L2 Unified 1024 KiB (x16)
  L3 Unified 39424 KiB (x1)
Load Average: 3.17, 1.23, 0.49
command_line: /home/ubuntu/cuvs-filter-retrieve/cpp/build/bench/ann/CUVS_CAGRA_ANN_BENCH --search --mode=throughput --threads=1 --data_prefix=/home/ubuntu/cuvs-filter/datasets --index_prefix=/home/ubuntu/cuvs-filter/datasets --benchmark_repetitions=1 --benchmark_min_time=0.001s --benchmark_min_warmup_time=0.001 --benchmark_report_aggregates_only=false --benchmark_out_format=json --benchmark_out=/home/ubuntu/retrieve_workshop_runs/gpu_resource_work_schema9_all4_20260823T035316Z/raw/resources/em.json /home/ubuntu/retrieve_workshop_runs/gpu_resource_work_schema9_all4_20260823T035316Z/configs/resources/em.json
dataset: retrieve-em-correctness-q00000-01000
dim: 4096
distance: euclidean
gpu_driver_version: 13.0
gpu_gpuDirectRDMASupported: 1
gpu_hostNativeAtomicSupported: 0
gpu_mem_bus_width: 192
gpu_mem_freq: 6251000000.000000
gpu_mem_global_size: 23659151360
gpu_mem_shared_size: 102400
gpu_name: NVIDIA L4
gpu_pageableMemoryAccess: 1
gpu_pageableMemoryAccessUsesHostPageTables: 0
gpu_runtime_version: 13.3
gpu_sm_count: 58
gpu_sm_freq: 2040000000.000000
host_cores_used: 16
host_pagesize: 4096
host_processors_sysconf: 32
host_processors_used: 32
host_total_ram_size: 135061635072
host_total_swap_size: 0
max_k: 10
max_n_queries: 1000
***WARNING*** ASLR is enabled, the results may have unreproducible noise in them.
CAGRA_KERNEL_RESOURCES {"method":"base","diagnostics":false,"graph_degree":32,"itopk":64,"search_width":1,"threads_per_cta":256,"dynamic_smem_bytes":17225,"static_smem_bytes":0,"registers_per_thread":64,"active_ctas_per_sm":4}
CAGRA_KERNEL_RESOURCES {"method":"base","diagnostics":false,"graph_degree":32,"itopk":64,"search_width":1,"threads_per_cta":256,"dynamic_smem_bytes":17225,"static_smem_bytes":0,"registers_per_thread":64,"active_ctas_per_sm":4}
CAGRA_KERNEL_RESOURCES {"method":"base","diagnostics":false,"graph_degree":32,"itopk":64,"search_width":1,"threads_per_cta":256,"dynamic_smem_bytes":17225,"static_smem_bytes":0,"registers_per_thread":64,"active_ctas_per_sm":4}
CAGRA_KERNEL_RESOURCES {"method":"base","diagnostics":false,"graph_degree":32,"itopk":64,"search_width":1,"threads_per_cta":256,"dynamic_smem_bytes":17225,"static_smem_bytes":0,"registers_per_thread":64,"active_ctas_per_sm":4}
CAGRA_KERNEL_RESOURCES {"method":"retain","diagnostics":false,"graph_degree":32,"itopk":64,"search_width":1,"threads_per_cta":256,"dynamic_smem_bytes":17309,"static_smem_bytes":0,"registers_per_thread":64,"active_ctas_per_sm":4}
CAGRA_KERNEL_RESOURCES {"method":"retain","diagnostics":false,"graph_degree":32,"itopk":64,"search_width":1,"threads_per_cta":256,"dynamic_smem_bytes":17309,"static_smem_bytes":0,"registers_per_thread":64,"active_ctas_per_sm":4}
CAGRA_KERNEL_RESOURCES {"method":"retain","diagnostics":false,"graph_degree":32,"itopk":64,"search_width":1,"threads_per_cta":256,"dynamic_smem_bytes":17309,"static_smem_bytes":0,"registers_per_thread":64,"active_ctas_per_sm":4}
CAGRA_KERNEL_RESOURCES {"method":"retain","diagnostics":false,"graph_degree":32,"itopk":64,"search_width":1,"threads_per_cta":256,"dynamic_smem_bytes":17309,"static_smem_bytes":0,"registers_per_thread":64,"active_ctas_per_sm":4}
CAGRA_KERNEL_RESOURCES {"method":"navix","diagnostics":false,"graph_degree":32,"itopk":64,"search_width":1,"threads_per_cta":256,"dynamic_smem_bytes":17364,"static_smem_bytes":0,"registers_per_thread":64,"active_ctas_per_sm":4}
CAGRA_KERNEL_RESOURCES {"method":"navix","diagnostics":false,"graph_degree":32,"itopk":64,"search_width":1,"threads_per_cta":256,"dynamic_smem_bytes":17364,"static_smem_bytes":0,"registers_per_thread":64,"active_ctas_per_sm":4}
CAGRA_KERNEL_RESOURCES {"method":"navix","diagnostics":false,"graph_degree":32,"itopk":64,"search_width":1,"threads_per_cta":256,"dynamic_smem_bytes":17364,"static_smem_bytes":0,"registers_per_thread":64,"active_ctas_per_sm":4}
CAGRA_KERNEL_RESOURCES {"method":"navix","diagnostics":false,"graph_degree":32,"itopk":64,"search_width":1,"threads_per_cta":256,"dynamic_smem_bytes":17364,"static_smem_bytes":0,"registers_per_thread":64,"active_ctas_per_sm":4}
